// Jest Snapshot v1, https://goo.gl/fbAQLP

exports[`<FileSystemTable /> Testing renders correctly 1`] = `ShallowWrapper {}`;
